
> tracker@0.1.0 build
> prisma generate && bun test && next build

node.exe : Loaded Prisma config from prisma.config.ts.
At line:1 char:1
+ & "C:\Program Files\nodejs/node.exe" "C:\Program Files\nodejs/node_mo ...
+ ~~~~~~~~~~~~~~~~~~~~~~~~~~~~~~~~~~~~~~~~~~~~~~~~~~~~~~~~~~~~~~~~~~~~~
    + CategoryInfo          : NotSpecified: (Loaded Prisma c...isma.config.ts.:String) [], RemoteExc 
   eption
    + FullyQualifiedErrorId : NativeCommandError
 

Prisma schema loaded from prisma\schema.prisma.

Γ£ö Generated Prisma Client (v7.8.0) to .\node_modules\@prisma\client in 533ms

Start by importing your Prisma Client (See: https://pris.ly/d/importing-client)


bun test v1.3.14 (0d9b296a)

tests\activity-engine.test.ts:
(pass) Activity Engine & Event Bus Integrations > Domain Event Bus > should successfully subscribe 
and receive published events [2.48ms]
(pass) Activity Engine & Event Bus Integrations > Domain Event Bus > should successfully publish 
ACTIVITY_UPDATED [0.32ms]
(pass) Activity Engine & Event Bus Integrations > Domain Event Bus > should successfully publish 
ACTIVITY_DELETED [1.01ms]
(pass) Activity Engine & Event Bus Integrations > Timeline Chronological Grouping > should correctly 
group active event into NOW [0.21ms]
(pass) Activity Engine & Event Bus Integrations > Timeline Chronological Grouping > should correctly 
group upcoming events into NEXT and LATER [0.27ms]
(pass) Activity Engine & Event Bus Integrations > Timeline Chronological Grouping > should group 
all-day occurrences into ANYTIME [0.09ms]
(pass) Activity Engine & Event Bus Integrations > Calendar Provider Registry > should dynamically 
load and resolve calendar providers on demand [167.33ms]
[2026-07-19T20:45:56.182Z] [ERROR] [EventBus] Subscriber failure executing event: ACTIVITY_CREATED | 
Meta: {"event":"ACTIVITY_CREATED","traceId":"tr_d56fk334x","error":"Simulated subscriber error"}
(pass) Activity Engine & Event Bus Integrations > Event Bus Resiliency & Isolated Errors > should 
execute all subscribers even if one of them fails [0.59ms]
(pass) Activity Engine & Event Bus Integrations > generateTimeline Scheduled Local Templates > 
should schedule timed local templates based on metadata values [0.62ms]

tests\google-calendar-actions.test.ts:
(pass) Google Calendar Agenda Actions > should return connected: false when user has not connected 
Google Calendar [0.62ms]
(pass) Google Calendar Agenda Actions > should correctly bucket events into today, tomorrow, and 
upcoming [0.62ms]
(pass) Google Calendar Agenda Actions > should clear cache when forceRefresh is requested [0.27ms]

tests\google-calendar-service.test.ts:
(pass) GoogleCalendarService > should refresh access token successfully and cache it [706.22ms]
[2026-07-19T20:45:57.041Z] [ERROR] [GoogleCalendarService] Token refresh failed | Meta: {"userId":"te
st-user-123","status":400,"error":"{\"error\":\"invalid_grant\",\"error_description\":\"Token has 
been expired or revoked.\"}"}
[2026-07-19T20:45:57.042Z] [ERROR] [GoogleCalendarService] Error fetching calendar events | Meta: 
{"statusCode":401,"code":"GOOGLE_API_ERROR","name":"GoogleApiError","stack":"GoogleApiError: Google 
access has been revoked. Please reconnect your account in Settings.\n    at <anonymous> (D:\\github_p
rojeccts\\tracker\\modules\\sync\\google-calendar\\services\\GoogleCalendarService.ts:229:23)\n    
at processTicksAndRejections (native:7:39)\n    at toThrow (unknown)\n    at <anonymous> 
(D:\\github_projeccts\\tracker\\tests\\google-calendar-service.test.ts:102:79)"}
[2026-07-19T20:45:57.043Z] [ERROR] [EventBus] Failed to delete calendar event via provider | Meta: 
{"eventId":"google-event-id","traceId":"tr_hq10abk64","error":"Google Calendar integration 
credentials missing"}
(pass) GoogleCalendarService > should handle invalid_grant and auto-disconnect the credentials 
[24.28ms]
(pass) GoogleCalendarService > should retry on 429 rate limit using exponential backoff [159.91ms]
(pass) GoogleCalendarService > should parse all-day events correctly and default missing summaries 
[151.81ms]
(pass) GoogleCalendarService > should create a Google Calendar event successfully and invalidate 
cache [1.08ms]
(pass) GoogleCalendarService > should fail creation if payload is invalid (end date before start 
date) [0.22ms]
(pass) GoogleCalendarService > should update Google Calendar event and handle partial changes 
[1.51ms]
[2026-07-19T20:45:57.380Z] [ERROR] [GoogleCalendarService] Failed to update Google Calendar event | 
Meta: {"eventId":"deleted-id","errText":"Not Found"}
(pass) GoogleCalendarService > should throw an error if updating an event that was deleted 
externally [0.87ms]
(pass) GoogleCalendarService > should delete Google Calendar event and handle external deletion 
gracefully [1.15ms]

tests\google-encryption.test.ts:
(pass) Google Token Encryption > should encrypt and decrypt refresh tokens successfully [25.20ms]
(pass) Google Token Encryption > should fail decryption if data or tag is tampered with [0.26ms]
[2026-07-19T20:45:57.412Z] [ERROR] [GoogleCredentialService] Invalid encrypted value format | Meta: 
{"partsCount":1}
(pass) Google Token Encryption > should fail decryption for malformed encrypted payloads [0.16ms]

tests\oauth-flow.test.ts:
(pass) OAuth Security Utilities > state parameter should be a valid UUID v4 [2.16ms]
(pass) OAuth Security Utilities > PKCE code challenge generation from verifier [0.36ms]
(pass) OAuth Security Utilities > ID token signature payload extraction verification [0.15ms]

tests\polish-ux.test.ts:
(pass) Phase 9: Polish & UX Refactor Utilities > Priority Badge Translations > should map HIGH and 
CRITICAL priorities to P1 [0.09ms]
(pass) Phase 9: Polish & UX Refactor Utilities > Priority Badge Translations > should map NORMAL and 
MEDIUM priorities to P2 [0.03ms]
(pass) Phase 9: Polish & UX Refactor Utilities > Priority Badge Translations > should map LOW or 
other priorities to P3 [0.02ms]
(pass) Phase 9: Polish & UX Refactor Utilities > Contextual Subtitle Engine > should prioritize 
overdue counts above active and next events [0.11ms]
(pass) Phase 9: Polish & UX Refactor Utilities > Contextual Subtitle Engine > should show active 
event if no overdue items are pending [0.06ms]
(pass) Phase 9: Polish & UX Refactor Utilities > Contextual Subtitle Engine > should show countdown 
to next event if it is within 2 hours (120 mins) [0.06ms]
(pass) Phase 9: Polish & UX Refactor Utilities > Contextual Subtitle Engine > should return default 
idle message if next event is far away or no events exist [0.05ms]
(pass) Phase 9: Polish & UX Refactor Utilities > Command Palette Items Configuration > should have 
commands registered with unique shortcuts [0.12ms]
(pass) Phase 9: Polish & UX Refactor Utilities > Command Palette Items Configuration > should match 
search queries case-insensitively [0.19ms]

tests\session.test.ts:
(pass) Session Management > should sign and verify session tokens successfully [0.90ms]
(pass) Session Management > should return null for invalid or tampered tokens [0.29ms]
(pass) Session Management > should return null for expired tokens [0.32ms]

tests\today-dashboard.test.ts:
(pass) Today Dashboard Helpers & Logic > getEventTimeLabel > should return 'All Day' for all-day 
events [0.16ms]
(pass) Today Dashboard Helpers & Logic > getEventTimeLabel > should format start and end times for 
timed events [6.13ms]
(pass) Today Dashboard Helpers & Logic > getActiveOrNextEvent > should find active event if current 
time is within event range [1.20ms]
(pass) Today Dashboard Helpers & Logic > getActiveOrNextEvent > should find next upcoming event if 
no event is active [0.19ms]
(pass) Today Dashboard Helpers & Logic > getActiveOrNextEvent > should return null if all events are 
in the past [0.07ms]
(pass) Today Dashboard Helpers & Logic > getCountdownString > should compute start countdown in 
minutes [0.25ms]
(pass) Today Dashboard Helpers & Logic > getCountdownString > should compute start countdown in 
hours and minutes [0.10ms]
(pass) Today Dashboard Helpers & Logic > getCountdownString > should compute ends countdown for 
active event [0.07ms]
(pass) Today Dashboard Helpers & Logic > getCountdownString > should handle target time in past or 
equal [0.09ms]
(pass) Today Dashboard Helpers & Logic > getDueHabits > should filter templates due today or overdue 
[0.58ms]
(pass) Today Dashboard Helpers & Logic > getTemplateCapabilities > should flag completable tasks 
correctly [0.27ms]
(pass) Today Dashboard Helpers & Logic > getTemplateCapabilities > meetings should not be 
completable but location aware [0.11ms]
(pass) Today Dashboard Helpers & Logic > generateTimeline > should merge google events and local due 
templates in timeline [0.44ms]

lib\services\__tests__\SyncedActivityService.test.ts:
(pass) SyncedActivityService Feature Flag Integration > backward compatibility > should expose all 
required methods [0.08ms]
(pass) SyncedActivityService Feature Flag Integration > backward compatibility > should accept all 
ActivityService.logActivity parameters [413.90ms]
(pass) SyncedActivityService Feature Flag Integration > backward compatibility > should return stats 
object with expected structure [0.21ms]
(pass) SyncedActivityService Feature Flag Integration > feature flag behavior > should check feature 
flag status [0.12ms]

 56 pass
 0 fail
 157 expect() calls
Ran 56 tests across 9 files. [2.12s]
Γû▓ Next.js 16.2.9 (Turbopack)
- Environments: .env

  Creating an optimized production build ...

> Build error occurred
Error: Turbopack build failed with 1 errors:
./app/api/sync/activities/push/route.ts:95:5
Expression expected
  [90m93 |[0m   }
  [90m94 |[0m }
[31m[1m>[0m [90m95 |[0m     }
  [90m   |[0m     [31m[1m^[0m
  [90m96 |[0m   }
  [90m97 |[0m }
  [90m98 |[0m

Parsing ecmascript source code failed


    at <unknown> (./app/api/sync/activities/push/route.ts:95:5)
